mode: set
github.com/jaredtmartin/fido/atoms.go:9.53,12.2 2 1
github.com/jaredtmartin/fido/atoms.go:15.30,17.2 1 1
github.com/jaredtmartin/fido/atoms.go:20.34,22.2 1 1
github.com/jaredtmartin/fido/atoms.go:25.33,27.2 1 1
github.com/jaredtmartin/fido/atoms.go:30.33,32.2 1 1
github.com/jaredtmartin/fido/atoms.go:35.40,37.2 1 1
github.com/jaredtmartin/fido/atoms.go:40.32,42.2 1 1
github.com/jaredtmartin/fido/atoms.go:45.29,47.2 1 1
github.com/jaredtmartin/fido/atoms.go:50.30,52.2 1 1
github.com/jaredtmartin/fido/atoms.go:55.30,57.2 1 1
github.com/jaredtmartin/fido/atoms.go:60.30,62.2 1 1
github.com/jaredtmartin/fido/atoms.go:65.30,67.2 1 1
github.com/jaredtmartin/fido/atoms.go:70.30,72.2 1 1
github.com/jaredtmartin/fido/atoms.go:75.30,77.2 1 1
github.com/jaredtmartin/fido/atoms.go:81.50,83.2 1 1
github.com/jaredtmartin/fido/atoms.go:86.21,88.2 1 1
github.com/jaredtmartin/fido/atoms.go:92.44,94.2 1 1
github.com/jaredtmartin/fido/atoms.go:97.35,99.2 1 1
github.com/jaredtmartin/fido/atoms.go:103.43,105.2 1 1
github.com/jaredtmartin/fido/atoms.go:108.53,110.2 1 1
github.com/jaredtmartin/fido/atoms.go:129.32,131.2 1 1
github.com/jaredtmartin/fido/atoms.go:137.37,139.2 1 1
github.com/jaredtmartin/fido/atoms.go:142.32,144.2 1 1
github.com/jaredtmartin/fido/atoms.go:148.38,150.2 1 1
github.com/jaredtmartin/fido/atoms.go:154.38,156.2 1 1
github.com/jaredtmartin/fido/atoms.go:166.75,176.2 1 1
github.com/jaredtmartin/fido/atoms.go:180.40,182.2 1 1
github.com/jaredtmartin/fido/atoms.go:186.40,188.2 1 1
github.com/jaredtmartin/fido/atoms.go:192.44,194.2 1 1
github.com/jaredtmartin/fido/atoms.go:198.41,200.2 1 1
github.com/jaredtmartin/fido/atoms.go:204.38,206.2 1 1
github.com/jaredtmartin/fido/atoms.go:210.38,212.2 1 1
github.com/jaredtmartin/fido/atoms.go:216.38,218.2 1 1
github.com/jaredtmartin/fido/atoms.go:222.34,224.2 1 1
github.com/jaredtmartin/fido/circle.go:7.42,13.2 3 1
github.com/jaredtmartin/fido/circle.go:19.47,22.2 2 0
github.com/jaredtmartin/fido/circle.go:23.47,26.2 2 0
github.com/jaredtmartin/fido/circle.go:27.45,31.2 3 1
github.com/jaredtmartin/fido/circle.go:32.51,35.2 2 1
github.com/jaredtmartin/fido/circle.go:36.51,39.2 2 1
github.com/jaredtmartin/fido/circle.go:40.53,43.2 2 1
github.com/jaredtmartin/fido/circle.go:44.55,47.2 2 1
github.com/jaredtmartin/fido/circle.go:48.57,51.2 2 1
github.com/jaredtmartin/fido/circle.go:52.61,55.2 2 1
github.com/jaredtmartin/fido/circle.go:56.63,59.2 2 1
github.com/jaredtmartin/fido/circle.go:60.54,63.2 2 1
github.com/jaredtmartin/fido/circle.go:64.66,67.2 2 1
github.com/jaredtmartin/fido/circle.go:68.62,71.2 2 1
github.com/jaredtmartin/fido/circle.go:72.64,75.2 2 0
github.com/jaredtmartin/fido/circle.go:76.69,79.2 2 0
github.com/jaredtmartin/fido/element.go:211.36,213.2 1 1
github.com/jaredtmartin/fido/element.go:216.42,218.2 1 1
github.com/jaredtmartin/fido/element.go:221.50,224.2 2 1
github.com/jaredtmartin/fido/element.go:229.52,231.46 1 1
github.com/jaredtmartin/fido/element.go:231.46,232.14 1 1
github.com/jaredtmartin/fido/element.go:232.14,233.12 1 1
github.com/jaredtmartin/fido/element.go:235.3,235.22 1 1
github.com/jaredtmartin/fido/element.go:240.48,242.31 2 1
github.com/jaredtmartin/fido/element.go:242.31,244.3 1 1
github.com/jaredtmartin/fido/element.go:245.2,246.16 2 1
github.com/jaredtmartin/fido/element.go:250.54,252.2 1 1
github.com/jaredtmartin/fido/element.go:255.59,258.2 2 1
github.com/jaredtmartin/fido/element.go:261.41,263.2 1 1
github.com/jaredtmartin/fido/element.go:266.65,267.28 1 1
github.com/jaredtmartin/fido/element.go:267.28,269.25 2 1
github.com/jaredtmartin/fido/element.go:269.25,271.4 1 1
github.com/jaredtmartin/fido/element.go:273.2,273.10 1 1
github.com/jaredtmartin/fido/element.go:277.50,279.2 1 1
github.com/jaredtmartin/fido/element.go:282.52,285.37 3 1
github.com/jaredtmartin/fido/element.go:285.37,287.24 2 1
github.com/jaredtmartin/fido/element.go:287.24,289.4 1 1
github.com/jaredtmartin/fido/element.go:294.56,296.2 1 1
github.com/jaredtmartin/fido/element.go:299.54,301.2 1 1
github.com/jaredtmartin/fido/element.go:304.54,307.2 2 1
github.com/jaredtmartin/fido/element.go:310.64,311.27 1 1
github.com/jaredtmartin/fido/element.go:311.27,313.3 1 1
github.com/jaredtmartin/fido/element.go:314.2,314.10 1 1
github.com/jaredtmartin/fido/element.go:318.49,320.35 2 1
github.com/jaredtmartin/fido/element.go:320.35,322.3 1 1
github.com/jaredtmartin/fido/element.go:323.2,324.53 2 1
github.com/jaredtmartin/fido/element.go:328.66,329.13 1 1
github.com/jaredtmartin/fido/element.go:330.15,332.22 2 1
github.com/jaredtmartin/fido/element.go:333.15,335.23 2 1
github.com/jaredtmartin/fido/element.go:336.10,337.28 1 1
github.com/jaredtmartin/fido/element.go:342.53,344.39 2 1
github.com/jaredtmartin/fido/element.go:344.39,346.18 1 1
github.com/jaredtmartin/fido/element.go:346.18,348.12 2 1
github.com/jaredtmartin/fido/element.go:350.3,350.84 1 1
github.com/jaredtmartin/fido/element.go:352.2,353.23 2 1
github.com/jaredtmartin/fido/element.go:353.23,355.3 1 1
github.com/jaredtmartin/fido/element.go:356.2,356.24 1 1
github.com/jaredtmartin/fido/element.go:356.24,358.3 1 1
github.com/jaredtmartin/fido/element.go:359.2,359.38 1 1
github.com/jaredtmartin/fido/element.go:363.55,365.2 1 1
github.com/jaredtmartin/fido/element.go:368.53,370.2 1 1
github.com/jaredtmartin/fido/element.go:373.68,375.20 2 1
github.com/jaredtmartin/fido/element.go:375.20,377.3 1 1
github.com/jaredtmartin/fido/element.go:378.2,379.10 2 1
github.com/jaredtmartin/fido/element.go:383.61,384.25 1 1
github.com/jaredtmartin/fido/element.go:384.25,386.3 1 1
github.com/jaredtmartin/fido/element.go:387.2,387.10 1 1
github.com/jaredtmartin/fido/element.go:391.64,394.2 2 1
github.com/jaredtmartin/fido/element.go:397.58,400.2 2 1
github.com/jaredtmartin/fido/element.go:403.59,406.2 2 1
github.com/jaredtmartin/fido/element.go:409.62,412.2 2 1
github.com/jaredtmartin/fido/element.go:415.63,418.2 2 0
github.com/jaredtmartin/fido/element.go:421.71,423.35 2 1
github.com/jaredtmartin/fido/element.go:423.35,424.28 1 1
github.com/jaredtmartin/fido/element.go:424.28,426.4 1 1
github.com/jaredtmartin/fido/element.go:427.3,427.66 1 1
github.com/jaredtmartin/fido/element.go:429.2,429.16 1 1
github.com/jaredtmartin/fido/element.go:433.84,434.11 1 1
github.com/jaredtmartin/fido/element.go:434.11,436.3 1 1
github.com/jaredtmartin/fido/element.go:437.2,438.35 2 1
github.com/jaredtmartin/fido/element.go:438.35,439.28 1 1
github.com/jaredtmartin/fido/element.go:439.28,441.4 1 1
github.com/jaredtmartin/fido/element.go:442.3,442.24 1 1
github.com/jaredtmartin/fido/element.go:442.24,444.4 1 1
github.com/jaredtmartin/fido/element.go:445.3,446.24 2 1
github.com/jaredtmartin/fido/element.go:446.24,448.4 1 1
github.com/jaredtmartin/fido/element.go:450.2,450.19 1 1
github.com/jaredtmartin/fido/element.go:454.79,456.2 1 1
github.com/jaredtmartin/fido/element.go:459.65,460.35 1 1
github.com/jaredtmartin/fido/element.go:460.35,461.26 1 1
github.com/jaredtmartin/fido/element.go:461.26,463.4 1 1
github.com/jaredtmartin/fido/element.go:464.3,465.13 2 1
github.com/jaredtmartin/fido/element.go:465.13,467.4 1 1
github.com/jaredtmartin/fido/element.go:469.2,469.19 1 1
github.com/jaredtmartin/fido/element.go:473.50,475.2 1 1
github.com/jaredtmartin/fido/element.go:478.60,479.39 1 1
github.com/jaredtmartin/fido/element.go:479.39,481.3 1 1
github.com/jaredtmartin/fido/element.go:482.2,482.30 1 1
github.com/jaredtmartin/fido/element.go:486.46,488.2 1 1
github.com/jaredtmartin/fido/element.go:491.49,493.35 2 1
github.com/jaredtmartin/fido/element.go:493.35,494.21 1 1
github.com/jaredtmartin/fido/element.go:494.21,495.12 1 0
github.com/jaredtmartin/fido/element.go:497.3,497.62 1 1
github.com/jaredtmartin/fido/element.go:499.2,499.42 1 1
github.com/jaredtmartin/fido/element.go:503.37,506.2 2 1
github.com/jaredtmartin/fido/element.go:509.51,518.2 1 1
github.com/jaredtmartin/fido/element.go:521.55,524.2 2 1
github.com/jaredtmartin/fido/element.go:527.61,530.2 2 1
github.com/jaredtmartin/fido/element.go:533.53,536.2 2 1
github.com/jaredtmartin/fido/element.go:539.52,542.2 2 1
github.com/jaredtmartin/fido/element.go:545.52,548.2 2 1
github.com/jaredtmartin/fido/element.go:551.54,554.2 2 1
github.com/jaredtmartin/fido/element.go:557.55,560.2 2 1
github.com/jaredtmartin/fido/element.go:563.59,567.2 3 1
github.com/jaredtmartin/fido/element.go:570.58,573.2 2 1
github.com/jaredtmartin/fido/element.go:576.60,579.2 2 1
github.com/jaredtmartin/fido/element.go:582.55,585.2 2 1
github.com/jaredtmartin/fido/element.go:588.57,591.2 2 1
github.com/jaredtmartin/fido/element.go:594.51,597.2 2 1
github.com/jaredtmartin/fido/element.go:600.52,603.2 2 1
github.com/jaredtmartin/fido/element.go:606.52,609.2 2 1
github.com/jaredtmartin/fido/element.go:612.52,615.2 2 1
github.com/jaredtmartin/fido/element.go:618.43,621.2 2 1
github.com/jaredtmartin/fido/element.go:624.50,627.2 2 1
github.com/jaredtmartin/fido/element.go:630.54,633.2 2 1
github.com/jaredtmartin/fido/element.go:636.52,640.2 3 1
github.com/jaredtmartin/fido/element.go:643.66,646.2 2 1
github.com/jaredtmartin/fido/element.go:649.54,652.2 2 0
github.com/jaredtmartin/fido/element.go:656.62,659.2 2 1
github.com/jaredtmartin/fido/element.go:662.50,665.2 2 1
github.com/jaredtmartin/fido/element.go:668.56,671.2 2 1
github.com/jaredtmartin/fido/element.go:674.64,677.2 2 1
github.com/jaredtmartin/fido/element.go:680.52,683.2 2 1
github.com/jaredtmartin/fido/element.go:686.56,689.2 2 1
github.com/jaredtmartin/fido/element.go:692.54,695.2 2 1
github.com/jaredtmartin/fido/element.go:698.60,699.19 1 1
github.com/jaredtmartin/fido/element.go:699.19,702.3 2 1
github.com/jaredtmartin/fido/element.go:703.2,704.10 2 1
github.com/jaredtmartin/fido/element.go:708.66,709.22 1 0
github.com/jaredtmartin/fido/element.go:709.22,712.3 2 0
github.com/jaredtmartin/fido/element.go:713.2,714.10 2 0
github.com/jaredtmartin/fido/element.go:718.60,719.19 1 0
github.com/jaredtmartin/fido/element.go:719.19,722.3 2 0
github.com/jaredtmartin/fido/element.go:723.2,724.10 2 0
github.com/jaredtmartin/fido/element.go:728.68,731.2 2 1
github.com/jaredtmartin/fido/element.go:734.57,735.20 1 1
github.com/jaredtmartin/fido/element.go:735.20,736.15 1 1
github.com/jaredtmartin/fido/element.go:736.15,738.4 1 1
github.com/jaredtmartin/fido/element.go:738.9,742.4 1 1
github.com/jaredtmartin/fido/element.go:743.8,745.3 1 1
github.com/jaredtmartin/fido/element.go:746.2,746.10 1 1
github.com/jaredtmartin/fido/element.go:750.55,751.20 1 1
github.com/jaredtmartin/fido/element.go:751.20,752.15 1 1
github.com/jaredtmartin/fido/element.go:752.15,754.4 1 1
github.com/jaredtmartin/fido/element.go:754.9,756.4 1 1
github.com/jaredtmartin/fido/element.go:757.8,759.3 1 1
github.com/jaredtmartin/fido/element.go:760.2,760.10 1 1
github.com/jaredtmartin/fido/element.go:764.53,767.2 2 1
github.com/jaredtmartin/fido/element.go:770.58,773.2 2 1
github.com/jaredtmartin/fido/element.go:776.67,779.2 2 1
github.com/jaredtmartin/fido/element.go:782.66,785.2 2 1
github.com/jaredtmartin/fido/element.go:788.54,791.2 2 1
github.com/jaredtmartin/fido/element.go:794.54,797.2 2 1
github.com/jaredtmartin/fido/element.go:800.55,803.2 2 1
github.com/jaredtmartin/fido/element.go:806.58,809.2 2 1
github.com/jaredtmartin/fido/element.go:812.54,815.2 2 1
github.com/jaredtmartin/fido/element.go:818.43,821.2 2 1
github.com/jaredtmartin/fido/element.go:824.53,827.2 2 1
github.com/jaredtmartin/fido/element.go:833.39,834.34 1 1
github.com/jaredtmartin/fido/element.go:834.34,835.15 1 1
github.com/jaredtmartin/fido/element.go:835.15,837.4 1 1
github.com/jaredtmartin/fido/element.go:839.2,839.14 1 1
github.com/jaredtmartin/fido/element.go:843.85,846.17 2 1
github.com/jaredtmartin/fido/element.go:846.17,848.3 1 1
github.com/jaredtmartin/fido/element.go:849.2,851.19 2 1
github.com/jaredtmartin/fido/element.go:851.19,853.3 1 1
github.com/jaredtmartin/fido/element.go:854.2,854.69 1 1
github.com/jaredtmartin/fido/element.go:854.69,856.3 1 1
github.com/jaredtmartin/fido/element.go:857.2,857.64 1 1
github.com/jaredtmartin/fido/element.go:861.42,863.2 1 1
github.com/jaredtmartin/fido/element.go:866.54,869.2 2 1
github.com/jaredtmartin/fido/element.go:872.57,876.2 3 1
github.com/jaredtmartin/fido/element.go:879.56,882.2 2 1
github.com/jaredtmartin/fido/field.go:15.55,25.2 4 1
github.com/jaredtmartin/fido/field.go:26.50,28.2 1 1
github.com/jaredtmartin/fido/field.go:29.46,32.2 2 1
github.com/jaredtmartin/fido/field.go:33.49,38.2 4 1
github.com/jaredtmartin/fido/field.go:39.49,43.2 3 1
github.com/jaredtmartin/fido/field.go:44.108,47.27 3 1
github.com/jaredtmartin/fido/field.go:47.27,49.3 1 1
github.com/jaredtmartin/fido/field.go:50.2,50.25 1 1
github.com/jaredtmartin/fido/field.go:50.25,52.3 1 1
github.com/jaredtmartin/fido/field.go:53.2,54.14 2 1
github.com/jaredtmartin/fido/field.go:63.51,64.39 1 1
github.com/jaredtmartin/fido/field.go:64.39,66.3 1 1
github.com/jaredtmartin/fido/field.go:66.8,68.3 1 1
github.com/jaredtmartin/fido/field.go:69.2,69.10 1 1
github.com/jaredtmartin/fido/field.go:74.48,75.39 1 1
github.com/jaredtmartin/fido/field.go:75.39,77.3 1 1
github.com/jaredtmartin/fido/field.go:77.8,79.3 1 1
github.com/jaredtmartin/fido/field.go:80.2,80.10 1 1
github.com/jaredtmartin/fido/field.go:85.54,86.45 1 1
github.com/jaredtmartin/fido/field.go:86.45,88.3 1 1
github.com/jaredtmartin/fido/field.go:88.8,90.3 1 1
github.com/jaredtmartin/fido/field.go:91.2,91.10 1 1
github.com/jaredtmartin/fido/field.go:95.47,96.33 1 1
github.com/jaredtmartin/fido/field.go:96.33,98.3 1 1
github.com/jaredtmartin/fido/field.go:98.8,100.3 1 1
github.com/jaredtmartin/fido/field.go:101.2,101.10 1 1
github.com/jaredtmartin/fido/field.go:104.79,107.17 3 1
github.com/jaredtmartin/fido/field.go:107.17,109.3 1 1
github.com/jaredtmartin/fido/field.go:109.8,111.3 1 1
github.com/jaredtmartin/fido/field.go:112.2,113.17 2 1
github.com/jaredtmartin/fido/field.go:113.17,115.3 1 1
github.com/jaredtmartin/fido/field.go:116.2,117.34 2 1
github.com/jaredtmartin/fido/field.go:121.62,124.18 3 1
github.com/jaredtmartin/fido/field.go:124.18,126.3 1 1
github.com/jaredtmartin/fido/field.go:127.2,127.13 1 1
github.com/jaredtmartin/fido/fromhtml.go:11.51,16.16 3 1
github.com/jaredtmartin/fido/fromhtml.go:17.24,19.26 2 1
github.com/jaredtmartin/fido/fromhtml.go:20.21,23.20 2 1
github.com/jaredtmartin/fido/fromhtml.go:23.20,26.4 2 1
github.com/jaredtmartin/fido/fromhtml.go:27.24,28.45 1 1
github.com/jaredtmartin/fido/fromhtml.go:30.2,30.53 1 1
github.com/jaredtmartin/fido/fromhtml.go:30.53,32.3 1 1
github.com/jaredtmartin/fido/fromhtml.go:33.2,33.11 1 1
github.com/jaredtmartin/fido/fromhtml.go:37.42,43.16 3 1
github.com/jaredtmartin/fido/fromhtml.go:43.16,46.3 2 0
github.com/jaredtmartin/fido/fromhtml.go:47.2,47.33 1 1
github.com/jaredtmartin/fido/group.go:3.43,9.2 3 1
github.com/jaredtmartin/fido/line.go:7.40,13.2 3 1
github.com/jaredtmartin/fido/line.go:19.43,23.2 3 1
github.com/jaredtmartin/fido/line.go:24.41,28.2 3 1
github.com/jaredtmartin/fido/line.go:30.49,33.2 2 1
github.com/jaredtmartin/fido/line.go:34.55,37.2 2 1
github.com/jaredtmartin/fido/line.go:39.53,42.2 2 1
github.com/jaredtmartin/fido/line.go:44.47,47.2 2 1
github.com/jaredtmartin/fido/line.go:48.57,51.2 2 1
github.com/jaredtmartin/fido/line.go:53.62,56.2 2 1
github.com/jaredtmartin/fido/line.go:58.61,61.2 2 1
github.com/jaredtmartin/fido/line.go:63.58,66.2 2 1
github.com/jaredtmartin/fido/line.go:68.60,71.2 2 0
github.com/jaredtmartin/fido/line.go:73.65,76.2 2 0
github.com/jaredtmartin/fido/list.go:6.49,8.2 1 1
github.com/jaredtmartin/fido/list.go:11.69,13.23 2 1
github.com/jaredtmartin/fido/list.go:13.23,15.3 1 1
github.com/jaredtmartin/fido/list.go:15.8,17.3 1 1
github.com/jaredtmartin/fido/list.go:18.2,19.22 2 1
github.com/jaredtmartin/fido/list.go:19.22,21.3 1 1
github.com/jaredtmartin/fido/list.go:22.2,22.13 1 1
github.com/jaredtmartin/fido/path.go:7.22,11.2 1 1
github.com/jaredtmartin/fido/path.go:17.40,20.2 2 1
github.com/jaredtmartin/fido/path.go:22.46,25.2 2 0
github.com/jaredtmartin/fido/path.go:27.50,30.2 2 0
github.com/jaredtmartin/fido/path.go:32.55,35.2 2 0
github.com/jaredtmartin/fido/path.go:37.58,40.2 2 1
github.com/jaredtmartin/fido/path.go:42.60,45.2 2 1
github.com/jaredtmartin/fido/path.go:47.65,50.2 2 1
github.com/jaredtmartin/fido/path.go:52.62,55.2 2 1
github.com/jaredtmartin/fido/path.go:57.61,60.2 2 1
github.com/jaredtmartin/fido/path.go:61.55,64.2 2 1
github.com/jaredtmartin/fido/path.go:65.53,68.2 2 1
github.com/jaredtmartin/fido/path.go:69.56,72.2 2 1
github.com/jaredtmartin/fido/path.go:73.50,76.2 2 1
github.com/jaredtmartin/fido/path.go:78.54,81.2 2 1
github.com/jaredtmartin/fido/rect.go:7.45,16.2 6 1
github.com/jaredtmartin/fido/rect.go:22.37,25.2 2 0
github.com/jaredtmartin/fido/rect.go:26.37,29.2 2 0
github.com/jaredtmartin/fido/rect.go:30.45,33.2 2 0
github.com/jaredtmartin/fido/rect.go:34.47,37.2 2 0
github.com/jaredtmartin/fido/rect.go:38.39,41.2 2 0
github.com/jaredtmartin/fido/rect.go:42.39,45.2 2 0
github.com/jaredtmartin/fido/rect.go:46.47,49.2 2 1
github.com/jaredtmartin/fido/rect.go:50.49,53.2 2 1
github.com/jaredtmartin/fido/rect.go:54.51,57.2 2 1
github.com/jaredtmartin/fido/rect.go:58.53,61.2 2 1
github.com/jaredtmartin/fido/rect.go:62.57,65.2 2 1
github.com/jaredtmartin/fido/rect.go:66.59,69.2 2 1
github.com/jaredtmartin/fido/rect.go:70.62,73.2 2 1
github.com/jaredtmartin/fido/rect.go:74.58,77.2 2 1
github.com/jaredtmartin/fido/rect.go:78.56,81.2 2 1
github.com/jaredtmartin/fido/rect.go:82.54,85.2 2 1
github.com/jaredtmartin/fido/rect.go:86.50,89.2 2 1
github.com/jaredtmartin/fido/rect.go:90.60,93.2 2 1
github.com/jaredtmartin/fido/rect.go:95.65,98.2 2 1
github.com/jaredtmartin/fido/routing.go:29.45,30.13 1 0
github.com/jaredtmartin/fido/routing.go:30.13,32.3 1 0
github.com/jaredtmartin/fido/routing.go:33.2,35.22 3 0
github.com/jaredtmartin/fido/routing.go:42.93,44.68 2 1
github.com/jaredtmartin/fido/routing.go:44.68,46.19 2 1
github.com/jaredtmartin/fido/routing.go:47.23,48.26 1 1
github.com/jaredtmartin/fido/routing.go:49.24,50.27 1 1
github.com/jaredtmartin/fido/routing.go:51.26,52.29 1 1
github.com/jaredtmartin/fido/routing.go:53.23,54.26 1 1
github.com/jaredtmartin/fido/routing.go:55.25,56.28 1 1
github.com/jaredtmartin/fido/routing.go:58.3,58.21 1 1
github.com/jaredtmartin/fido/routing.go:58.21,61.4 2 1
github.com/jaredtmartin/fido/routing.go:64.3,66.17 3 1
github.com/jaredtmartin/fido/routing.go:66.17,71.4 2 0
github.com/jaredtmartin/fido/routing.go:72.3,72.32 1 1
github.com/jaredtmartin/fido/routing.go:75.47,76.46 1 1
github.com/jaredtmartin/fido/routing.go:76.46,78.3 1 0
github.com/jaredtmartin/fido/routing.go:79.2,79.42 1 1
github.com/jaredtmartin/fido/routing.go:81.75,82.37 1 1
github.com/jaredtmartin/fido/routing.go:82.37,85.3 2 1
github.com/jaredtmartin/fido/routing.go:87.77,88.68 1 0
github.com/jaredtmartin/fido/routing.go:88.68,90.17 2 0
github.com/jaredtmartin/fido/routing.go:90.17,94.4 3 0
github.com/jaredtmartin/fido/routing.go:95.3,95.21 1 0
github.com/jaredtmartin/fido/routing.go:95.21,97.4 1 0
github.com/jaredtmartin/fido/routing.go:98.3,98.32 1 0
github.com/jaredtmartin/fido/svg.go:8.43,17.2 3 1
github.com/jaredtmartin/fido/svg.go:23.67,26.2 2 1
github.com/jaredtmartin/fido/svg.go:28.58,31.2 2 1
github.com/jaredtmartin/fido/svg.go:32.51,35.2 2 1
github.com/jaredtmartin/fido/svg.go:36.53,39.2 2 1
github.com/jaredtmartin/fido/svg.go:40.54,43.2 2 1
github.com/jaredtmartin/fido/svg.go:44.64,47.2 2 1
github.com/jaredtmartin/fido/svg.go:48.46,51.2 2 0
github.com/jaredtmartin/fido/svg_image.go:7.60,13.2 3 1
github.com/jaredtmartin/fido/svg_image.go:19.43,22.2 2 1
github.com/jaredtmartin/fido/svg_image.go:23.54,26.2 2 1
github.com/jaredtmartin/fido/svg_image.go:27.39,30.2 2 1
github.com/jaredtmartin/fido/svg_image.go:31.39,34.2 2 1
github.com/jaredtmartin/fido/svg_image.go:35.48,38.2 2 1
github.com/jaredtmartin/fido/svg_image.go:39.47,42.2 2 1
github.com/jaredtmartin/fido/svg_image.go:43.49,46.2 2 1
github.com/jaredtmartin/fido/svg_text.go:7.43,13.2 3 1
github.com/jaredtmartin/fido/svg_text.go:19.37,22.2 2 1
github.com/jaredtmartin/fido/svg_text.go:23.37,26.2 2 1
github.com/jaredtmartin/fido/svg_text.go:27.43,30.2 2 1
github.com/jaredtmartin/fido/svg_text.go:31.50,34.2 2 1
github.com/jaredtmartin/fido/svg_text.go:35.43,38.2 2 1
github.com/jaredtmartin/fido/svg_text.go:39.49,42.2 2 1
github.com/jaredtmartin/fido/svg_text.go:43.54,46.2 2 1
github.com/jaredtmartin/fido/svg_text.go:47.62,50.2 2 0
github.com/jaredtmartin/fido/svg_text.go:51.47,54.2 2 1
github.com/jaredtmartin/fido/svg_text.go:55.47,58.2 2 1
github.com/jaredtmartin/fido/svg_text.go:59.62,62.2 2 1
github.com/jaredtmartin/fido/svg_text.go:63.58,66.2 2 1
github.com/jaredtmartin/fido/svg_text.go:67.60,70.2 2 1
github.com/jaredtmartin/fido/svg_text.go:71.65,74.2 2 1
github.com/jaredtmartin/fido/svg_text.go:75.56,78.2 2 1
github.com/jaredtmartin/fido/svg_text.go:79.61,82.2 2 1
github.com/jaredtmartin/fido/svg_text.go:83.55,86.2 2 1
github.com/jaredtmartin/fido/svg_text.go:87.49,90.2 2 1
github.com/jaredtmartin/fido/svg_text.go:92.63,95.2 2 0
github.com/jaredtmartin/fido/svg_text.go:96.55,99.2 2 0
github.com/jaredtmartin/fido/svg_text.go:100.62,103.2 2 0
github.com/jaredtmartin/fido/svg_text.go:104.58,107.2 2 1
github.com/jaredtmartin/fido/svg_text.go:108.53,111.2 2 1
github.com/jaredtmartin/fido/svg_text.go:112.54,115.2 2 1
github.com/jaredtmartin/fido/svg_text.go:116.62,119.2 2 0
github.com/jaredtmartin/fido/svg_text.go:120.59,123.2 2 1
github.com/jaredtmartin/fido/svg_text.go:124.57,127.2 2 1
github.com/jaredtmartin/fido/svg_text.go:128.62,131.2 2 1
github.com/jaredtmartin/fido/svg_text.go:132.50,135.2 2 1
github.com/jaredtmartin/fido/svg_text.go:136.52,139.2 2 1
