mode: set
github.com/jaredtmartin/fido/atoms.go:9.53,12.2 2 1
github.com/jaredtmartin/fido/atoms.go:13.30,15.2 1 1
github.com/jaredtmartin/fido/atoms.go:16.34,18.2 1 1
github.com/jaredtmartin/fido/atoms.go:19.33,21.2 1 1
github.com/jaredtmartin/fido/atoms.go:22.33,24.2 1 1
github.com/jaredtmartin/fido/atoms.go:25.21,27.2 1 1
github.com/jaredtmartin/fido/atoms.go:28.32,30.2 1 1
github.com/jaredtmartin/fido/atoms.go:31.29,33.2 1 1
github.com/jaredtmartin/fido/atoms.go:34.30,36.2 1 1
github.com/jaredtmartin/fido/atoms.go:37.30,39.2 1 1
github.com/jaredtmartin/fido/atoms.go:40.30,42.2 1 1
github.com/jaredtmartin/fido/atoms.go:43.30,45.2 1 1
github.com/jaredtmartin/fido/atoms.go:46.30,48.2 1 1
github.com/jaredtmartin/fido/atoms.go:49.30,51.2 1 1
github.com/jaredtmartin/fido/atoms.go:52.50,54.2 1 1
github.com/jaredtmartin/fido/atoms.go:55.21,57.2 1 1
github.com/jaredtmartin/fido/atoms.go:58.44,60.2 1 1
github.com/jaredtmartin/fido/atoms.go:61.35,63.2 1 1
github.com/jaredtmartin/fido/atoms.go:64.43,66.2 1 1
github.com/jaredtmartin/fido/atoms.go:67.40,69.16 2 1
github.com/jaredtmartin/fido/atoms.go:69.16,71.3 1 1
github.com/jaredtmartin/fido/atoms.go:72.2,72.16 1 1
github.com/jaredtmartin/fido/atoms.go:72.16,74.3 1 1
github.com/jaredtmartin/fido/atoms.go:75.2,75.16 1 1
github.com/jaredtmartin/fido/atoms.go:75.16,76.13 1 0
github.com/jaredtmartin/fido/atoms.go:78.2,78.48 1 1
github.com/jaredtmartin/fido/atoms.go:80.34,82.2 1 1
github.com/jaredtmartin/fido/atoms.go:83.72,95.2 2 1
github.com/jaredtmartin/fido/atoms.go:96.75,106.2 1 1
github.com/jaredtmartin/fido/atoms.go:107.40,109.2 1 1
github.com/jaredtmartin/fido/atoms.go:110.40,112.2 1 1
github.com/jaredtmartin/fido/element.go:194.36,196.2 1 1
github.com/jaredtmartin/fido/element.go:199.42,201.2 1 1
github.com/jaredtmartin/fido/element.go:204.50,207.2 2 1
github.com/jaredtmartin/fido/element.go:212.52,214.46 1 1
github.com/jaredtmartin/fido/element.go:214.46,215.14 1 1
github.com/jaredtmartin/fido/element.go:215.14,216.12 1 1
github.com/jaredtmartin/fido/element.go:218.3,218.22 1 1
github.com/jaredtmartin/fido/element.go:223.48,225.31 2 1
github.com/jaredtmartin/fido/element.go:225.31,227.3 1 1
github.com/jaredtmartin/fido/element.go:228.2,229.16 2 1
github.com/jaredtmartin/fido/element.go:233.54,235.2 1 1
github.com/jaredtmartin/fido/element.go:238.59,241.2 2 1
github.com/jaredtmartin/fido/element.go:244.41,246.2 1 1
github.com/jaredtmartin/fido/element.go:249.65,250.28 1 1
github.com/jaredtmartin/fido/element.go:250.28,252.25 2 1
github.com/jaredtmartin/fido/element.go:252.25,254.4 1 1
github.com/jaredtmartin/fido/element.go:256.2,256.10 1 1
github.com/jaredtmartin/fido/element.go:260.50,262.2 1 1
github.com/jaredtmartin/fido/element.go:265.52,268.37 3 1
github.com/jaredtmartin/fido/element.go:268.37,270.24 2 1
github.com/jaredtmartin/fido/element.go:270.24,272.4 1 1
github.com/jaredtmartin/fido/element.go:277.56,279.2 1 1
github.com/jaredtmartin/fido/element.go:282.54,284.2 1 1
github.com/jaredtmartin/fido/element.go:287.54,290.2 2 1
github.com/jaredtmartin/fido/element.go:293.64,294.27 1 1
github.com/jaredtmartin/fido/element.go:294.27,296.3 1 1
github.com/jaredtmartin/fido/element.go:297.2,297.10 1 1
github.com/jaredtmartin/fido/element.go:301.49,303.35 2 1
github.com/jaredtmartin/fido/element.go:303.35,305.3 1 1
github.com/jaredtmartin/fido/element.go:306.2,307.53 2 1
github.com/jaredtmartin/fido/element.go:311.66,312.20 1 1
github.com/jaredtmartin/fido/element.go:312.20,315.3 2 1
github.com/jaredtmartin/fido/element.go:315.8,315.27 1 1
github.com/jaredtmartin/fido/element.go:315.27,318.3 2 1
github.com/jaredtmartin/fido/element.go:318.8,320.3 1 1
github.com/jaredtmartin/fido/element.go:324.53,326.39 2 1
github.com/jaredtmartin/fido/element.go:326.39,328.18 1 1
github.com/jaredtmartin/fido/element.go:328.18,330.12 2 1
github.com/jaredtmartin/fido/element.go:332.3,332.84 1 1
github.com/jaredtmartin/fido/element.go:334.2,335.23 2 1
github.com/jaredtmartin/fido/element.go:335.23,337.3 1 1
github.com/jaredtmartin/fido/element.go:338.2,338.24 1 1
github.com/jaredtmartin/fido/element.go:338.24,340.3 1 1
github.com/jaredtmartin/fido/element.go:341.2,341.38 1 1
github.com/jaredtmartin/fido/element.go:345.55,347.2 1 1
github.com/jaredtmartin/fido/element.go:350.53,352.2 1 1
github.com/jaredtmartin/fido/element.go:355.65,358.2 2 1
github.com/jaredtmartin/fido/element.go:361.61,362.25 1 1
github.com/jaredtmartin/fido/element.go:362.25,364.3 1 1
github.com/jaredtmartin/fido/element.go:365.2,365.10 1 1
github.com/jaredtmartin/fido/element.go:369.64,372.2 2 1
github.com/jaredtmartin/fido/element.go:375.58,378.2 2 1
github.com/jaredtmartin/fido/element.go:381.62,384.2 2 1
github.com/jaredtmartin/fido/element.go:387.71,389.35 2 1
github.com/jaredtmartin/fido/element.go:389.35,390.28 1 1
github.com/jaredtmartin/fido/element.go:390.28,392.4 1 1
github.com/jaredtmartin/fido/element.go:393.3,393.66 1 1
github.com/jaredtmartin/fido/element.go:395.2,395.16 1 1
github.com/jaredtmartin/fido/element.go:399.84,400.11 1 1
github.com/jaredtmartin/fido/element.go:400.11,402.3 1 1
github.com/jaredtmartin/fido/element.go:403.2,404.35 2 1
github.com/jaredtmartin/fido/element.go:404.35,405.28 1 1
github.com/jaredtmartin/fido/element.go:405.28,407.4 1 1
github.com/jaredtmartin/fido/element.go:408.3,408.24 1 1
github.com/jaredtmartin/fido/element.go:408.24,410.4 1 1
github.com/jaredtmartin/fido/element.go:411.3,412.24 2 1
github.com/jaredtmartin/fido/element.go:412.24,414.4 1 1
github.com/jaredtmartin/fido/element.go:416.2,416.19 1 1
github.com/jaredtmartin/fido/element.go:420.79,422.2 1 1
github.com/jaredtmartin/fido/element.go:425.65,426.35 1 1
github.com/jaredtmartin/fido/element.go:426.35,427.26 1 1
github.com/jaredtmartin/fido/element.go:427.26,429.4 1 1
github.com/jaredtmartin/fido/element.go:430.3,431.13 2 1
github.com/jaredtmartin/fido/element.go:431.13,433.4 1 1
github.com/jaredtmartin/fido/element.go:435.2,435.19 1 1
github.com/jaredtmartin/fido/element.go:439.50,441.2 1 1
github.com/jaredtmartin/fido/element.go:444.60,445.39 1 1
github.com/jaredtmartin/fido/element.go:445.39,447.3 1 1
github.com/jaredtmartin/fido/element.go:448.2,448.30 1 1
github.com/jaredtmartin/fido/element.go:452.46,454.2 1 1
github.com/jaredtmartin/fido/element.go:457.49,459.35 2 1
github.com/jaredtmartin/fido/element.go:459.35,460.21 1 1
github.com/jaredtmartin/fido/element.go:460.21,461.12 1 1
github.com/jaredtmartin/fido/element.go:463.3,463.62 1 1
github.com/jaredtmartin/fido/element.go:465.2,465.42 1 1
github.com/jaredtmartin/fido/element.go:469.37,472.2 2 1
github.com/jaredtmartin/fido/element.go:475.51,484.2 1 1
github.com/jaredtmartin/fido/element.go:487.55,490.2 2 1
github.com/jaredtmartin/fido/element.go:493.61,496.2 2 1
github.com/jaredtmartin/fido/element.go:499.53,502.2 2 1
github.com/jaredtmartin/fido/element.go:505.52,508.2 2 1
github.com/jaredtmartin/fido/element.go:511.52,514.2 2 1
github.com/jaredtmartin/fido/element.go:517.54,520.2 2 1
github.com/jaredtmartin/fido/element.go:523.55,526.2 2 1
github.com/jaredtmartin/fido/element.go:529.59,533.2 3 1
github.com/jaredtmartin/fido/element.go:536.58,539.2 2 1
github.com/jaredtmartin/fido/element.go:542.60,545.2 2 1
github.com/jaredtmartin/fido/element.go:548.55,551.2 2 1
github.com/jaredtmartin/fido/element.go:554.57,557.2 2 1
github.com/jaredtmartin/fido/element.go:560.51,563.2 2 1
github.com/jaredtmartin/fido/element.go:566.52,569.2 2 1
github.com/jaredtmartin/fido/element.go:572.52,575.2 2 1
github.com/jaredtmartin/fido/element.go:578.52,581.2 2 1
github.com/jaredtmartin/fido/element.go:584.43,587.2 2 1
github.com/jaredtmartin/fido/element.go:590.50,593.2 2 1
github.com/jaredtmartin/fido/element.go:596.54,599.2 2 1
github.com/jaredtmartin/fido/element.go:602.52,606.2 3 1
github.com/jaredtmartin/fido/element.go:609.66,612.2 2 1
github.com/jaredtmartin/fido/element.go:615.50,618.2 2 1
github.com/jaredtmartin/fido/element.go:621.56,624.2 2 1
github.com/jaredtmartin/fido/element.go:627.64,630.2 2 1
github.com/jaredtmartin/fido/element.go:633.52,636.2 2 1
github.com/jaredtmartin/fido/element.go:639.56,642.2 2 1
github.com/jaredtmartin/fido/element.go:645.54,648.2 2 1
github.com/jaredtmartin/fido/element.go:651.61,652.22 1 1
github.com/jaredtmartin/fido/element.go:652.22,653.17 1 1
github.com/jaredtmartin/fido/element.go:653.17,655.4 1 1
github.com/jaredtmartin/fido/element.go:655.9,657.4 1 1
github.com/jaredtmartin/fido/element.go:658.8,660.3 1 1
github.com/jaredtmartin/fido/element.go:661.2,661.10 1 1
github.com/jaredtmartin/fido/element.go:665.68,668.2 2 1
github.com/jaredtmartin/fido/element.go:671.57,672.20 1 1
github.com/jaredtmartin/fido/element.go:672.20,673.15 1 1
github.com/jaredtmartin/fido/element.go:673.15,675.4 1 1
github.com/jaredtmartin/fido/element.go:675.9,677.4 1 1
github.com/jaredtmartin/fido/element.go:678.8,680.3 1 1
github.com/jaredtmartin/fido/element.go:681.2,681.10 1 1
github.com/jaredtmartin/fido/element.go:685.53,688.2 2 1
github.com/jaredtmartin/fido/element.go:691.58,694.2 2 1
github.com/jaredtmartin/fido/element.go:697.67,700.2 2 1
github.com/jaredtmartin/fido/element.go:703.66,706.2 2 1
github.com/jaredtmartin/fido/element.go:709.54,712.2 2 1
github.com/jaredtmartin/fido/element.go:715.54,718.2 2 1
github.com/jaredtmartin/fido/element.go:721.55,724.2 2 1
github.com/jaredtmartin/fido/element.go:727.58,730.2 2 1
github.com/jaredtmartin/fido/element.go:733.54,736.2 2 1
github.com/jaredtmartin/fido/element.go:739.43,742.2 2 1
github.com/jaredtmartin/fido/element.go:748.39,749.34 1 1
github.com/jaredtmartin/fido/element.go:749.34,750.15 1 1
github.com/jaredtmartin/fido/element.go:750.15,752.4 1 1
github.com/jaredtmartin/fido/element.go:754.2,754.14 1 1
github.com/jaredtmartin/fido/element.go:758.85,760.17 2 1
github.com/jaredtmartin/fido/element.go:760.17,762.3 1 1
github.com/jaredtmartin/fido/element.go:763.2,764.19 2 1
github.com/jaredtmartin/fido/element.go:764.19,766.3 1 1
github.com/jaredtmartin/fido/element.go:767.2,767.69 1 1
github.com/jaredtmartin/fido/element.go:767.69,769.3 1 1
github.com/jaredtmartin/fido/element.go:770.2,770.64 1 1
github.com/jaredtmartin/fido/element.go:774.42,776.2 1 1
github.com/jaredtmartin/fido/element.go:779.54,782.2 2 0
github.com/jaredtmartin/fido/field.go:21.60,22.28 1 1
github.com/jaredtmartin/fido/field.go:22.28,23.23 1 1
github.com/jaredtmartin/fido/field.go:23.23,25.4 1 1
github.com/jaredtmartin/fido/field.go:27.2,27.11 1 1
github.com/jaredtmartin/fido/field.go:43.58,45.2 1 1
github.com/jaredtmartin/fido/field.go:48.67,57.17 5 1
github.com/jaredtmartin/fido/field.go:57.17,59.3 1 1
github.com/jaredtmartin/fido/field.go:60.2,61.17 2 1
github.com/jaredtmartin/fido/field.go:61.17,63.3 1 1
github.com/jaredtmartin/fido/field.go:64.2,70.14 2 1
github.com/jaredtmartin/fido/field.go:74.56,79.2 4 1
github.com/jaredtmartin/fido/field.go:82.60,84.24 2 1
github.com/jaredtmartin/fido/field.go:84.24,86.3 1 1
github.com/jaredtmartin/fido/field.go:87.2,87.13 1 1
github.com/jaredtmartin/fido/field.go:91.132,93.27 2 1
github.com/jaredtmartin/fido/field.go:93.27,95.3 1 1
github.com/jaredtmartin/fido/field.go:96.2,98.36 3 1
github.com/jaredtmartin/fido/field.go:98.36,100.3 1 1
github.com/jaredtmartin/fido/field.go:101.2,101.14 1 1
github.com/jaredtmartin/fido/field.go:105.61,106.33 1 1
github.com/jaredtmartin/fido/field.go:106.33,108.3 1 1
github.com/jaredtmartin/fido/field.go:108.8,110.3 1 1
github.com/jaredtmartin/fido/field.go:111.2,111.10 1 1
github.com/jaredtmartin/fido/field.go:115.43,117.2 1 1
github.com/jaredtmartin/fido/field.go:120.58,123.2 2 1
github.com/jaredtmartin/fido/field.go:126.58,129.14 2 1
github.com/jaredtmartin/fido/field.go:129.14,131.18 1 1
github.com/jaredtmartin/fido/field.go:131.18,133.4 1 0
github.com/jaredtmartin/fido/field.go:134.3,134.81 1 1
github.com/jaredtmartin/fido/field.go:135.8,136.18 1 1
github.com/jaredtmartin/fido/field.go:136.18,139.4 2 1
github.com/jaredtmartin/fido/field.go:139.9,141.4 1 1
github.com/jaredtmartin/fido/field.go:144.2,144.10 1 1
github.com/jaredtmartin/fido/field.go:148.43,150.2 1 1
github.com/jaredtmartin/fido/field.go:153.58,154.14 1 1
github.com/jaredtmartin/fido/field.go:154.14,156.3 1 1
github.com/jaredtmartin/fido/field.go:157.2,158.10 2 1
github.com/jaredtmartin/fido/field.go:162.43,164.2 1 1
github.com/jaredtmartin/fido/field.go:167.58,170.2 2 1
github.com/jaredtmartin/fido/field.go:173.50,176.2 2 1
github.com/jaredtmartin/fido/field.go:179.40,181.2 1 1
github.com/jaredtmartin/fido/field.go:184.51,186.2 1 1
github.com/jaredtmartin/fido/field.go:196.46,199.18 3 1
github.com/jaredtmartin/fido/field.go:199.18,201.3 1 1
github.com/jaredtmartin/fido/field.go:202.2,203.10 2 1
github.com/jaredtmartin/fido/field.go:207.50,215.31 5 1
github.com/jaredtmartin/fido/field.go:215.31,218.3 1 1
github.com/jaredtmartin/fido/field.go:219.2,219.10 1 1
github.com/jaredtmartin/fido/field.go:223.52,226.2 2 1
github.com/jaredtmartin/fido/field.go:229.65,230.39 1 1
github.com/jaredtmartin/fido/field.go:230.39,232.3 1 1
github.com/jaredtmartin/fido/field.go:232.8,234.3 1 1
github.com/jaredtmartin/fido/field.go:235.2,235.10 1 1
github.com/jaredtmartin/fido/field.go:240.62,241.39 1 1
github.com/jaredtmartin/fido/field.go:241.39,243.3 1 1
github.com/jaredtmartin/fido/field.go:243.8,245.3 1 1
github.com/jaredtmartin/fido/field.go:246.2,246.10 1 1
github.com/jaredtmartin/fido/field.go:251.68,252.45 1 1
github.com/jaredtmartin/fido/field.go:252.45,254.3 1 1
github.com/jaredtmartin/fido/field.go:254.8,256.3 1 1
github.com/jaredtmartin/fido/field.go:257.2,257.10 1 1
github.com/jaredtmartin/fido/field.go:454.56,457.2 2 1
github.com/jaredtmartin/fido/field.go:460.55,463.2 2 1
github.com/jaredtmartin/fido/field.go:490.53,493.2 2 1
github.com/jaredtmartin/fido/field.go:496.52,499.2 2 1
github.com/jaredtmartin/fido/field.go:502.52,505.2 2 1
github.com/jaredtmartin/fido/field.go:508.54,511.2 2 1
github.com/jaredtmartin/fido/field.go:514.55,517.2 2 1
github.com/jaredtmartin/fido/field.go:520.53,523.2 2 1
github.com/jaredtmartin/fido/list.go:6.49,8.2 1 1
github.com/jaredtmartin/fido/list.go:11.69,13.23 2 1
github.com/jaredtmartin/fido/list.go:13.23,15.3 1 1
github.com/jaredtmartin/fido/list.go:15.8,17.3 1 1
github.com/jaredtmartin/fido/list.go:18.2,19.22 2 1
github.com/jaredtmartin/fido/list.go:19.22,21.3 1 1
github.com/jaredtmartin/fido/list.go:22.2,22.13 1 1
